2026-10-11 06:02:38  INFO      STREAMCHASER · Sierra Nevada watersheds
2026-10-11 06:02:38  INFO        USGS IV  site=11276500  period=P7D
2026-10-11 06:02:40  INFO        Stats (59 yrs): {'low': 25.0, 'high': 80.0, 'mean': 50.0, 'p25': 38.0, 'median': 51.0, 'p75': 62.0}
2026-10-11 06:02:41  INFO      Tuolumne R at Hetch Hetchy: 56.8 cfs · nothing unusual
2026-10-11 06:02:41  INFO        USGS IV  site=11274790  period=P7D
2026-10-11 06:02:42  INFO        Stats (19 yrs): {'low': 5.32, 'high': 391.0, 'mean': 44.0, 'p25': 9.3, 'median': 15.0, 'p75': 46.0}
2026-10-11 06:02:43  INFO      Tuolumne R Grand Canyon: 6.6 cfs · nothing unusual
2026-10-11 06:02:43  INFO        USGS IV  site=11276900  period=P7D
2026-10-11 06:02:45  INFO        Stats (59 yrs): {'low': 24.0, 'high': 243.0, 'mean': 68.0, 'p25': 47.0, 'median': 58.0, 'p75': 69.0}
2026-10-11 06:02:46  INFO      Tuolumne R BL Early Intake: 50.5 cfs · nothing unusual
2026-10-11 06:02:46  INFO        USGS IV  site=11289650  period=P7D
2026-10-11 06:02:48  INFO        Stats (56 yrs): {'low': 1.1, 'high': 3990.0, 'mean': 494.0, 'p25': 117.0, 'median': 232.0, 'p75': 577.0}
2026-10-11 06:02:49  INFO      Tuolumne R BL LaGrange Dam: 238.0 cfs · nothing unusual
2026-10-11 06:02:49  INFO        USGS IV  site=11290000  period=P7D
2026-10-11 06:02:50  INFO        Stats (86 yrs): {'low': 76.0, 'high': 4900.0, 'mean': 688.0, 'p25': 247.0, 'median': 438.0, 'p75': 903.0}
2026-10-11 06:02:51  INFO      Tuolumne R at Modesto: 246.0 cfs · nothing unusual
2026-10-11 06:02:51  INFO        USGS IV  site=11264500  period=P7D
2026-10-11 06:03:11  INFO        Stats (111 yrs): {'low': 2.04, 'high': 410.0, 'mean': 32.0, 'p25': 6.2, 'median': 13.0, 'p75': 34.0}
2026-10-11 06:03:11  INFO      Merced R at Happy Isles: 3.7 cfs · nothing unusual
2026-10-11 06:03:11  INFO        USGS IV  site=11266500  period=P7D
2026-10-11 06:03:29  WARNING     STAT P75 error: 503 Server Error:  for url: https://waterservices.usgs.gov/nwis/stat/?format=rdb&sites=11266500&statReportType=daily&statType=P75&parameterCd=00060
2026-10-11 06:03:29  INFO        Stats (110 yrs): {'low': 5.7, 'high': 632.0, 'mean': 54.0, 'p25': 18.0, 'median': 29.0}
2026-10-11 06:03:29  INFO      Merced R at Pohono Bridge: 14.5 cfs · nothing unusual
2026-10-11 06:03:29  INFO        USGS IV  site=11303000  period=P7D
2026-10-11 06:03:33  ERROR     Stanislaus R at Ripon: no data (503 Server Error:  for url: https://waterservices.usgs.gov/nwis/iv/?format=json&sites=11303000&parameterCd=00060&period=P7D)
2026-10-11 06:03:33  INFO        USGS IV  site=11284400  period=P7D
2026-10-11 06:03:55  INFO        Stats (57 yrs): {'low': 0.0, 'high': 0.8, 'mean': 0.03, 'p25': 0.0, 'median': 0.0, 'p75': 0.0}
2026-10-11 06:03:56  INFO      Big Creek @ Whites Gulch: 0.0 cfs · nothing unusual
2026-10-11 06:03:56  INFO        USGS IV  site=11278300  period=P7D
2026-10-11 06:04:18  INFO        Stats (66 yrs): {'low': 1.3, 'high': 49.0, 'mean': 17.0, 'p25': 11.0, 'median': 17.0, 'p75': 21.0}
2026-10-11 06:04:19  INFO      Cherry Creek NR Early Intake: 14.2 cfs · nothing unusual
2026-10-11 06:04:19  INFO      Nothing unusual on any river. Silent run.
